UniqueCount	AmbigCount
8060	0
976	0
498	0
206	0
257	0
67	0
38	0
37	0
22	0
5	0
1	0
2	0
3	0
2	0
2	0
0	0
0	0
0	0
0	0
0	0
0	0
0	0
0	0
20563	0
1916	0
668	0
646	0
200	0
100	0
138	0
5	0
23	0
1	0
8	0
15	0
1	0
1	0
1	0
0	0
1	0
1	0
0	0
0	0
1	0
0	0
0	0
20982	0
6962	0
1015	0
1017	0
188	0
203	0
46	0
82	0
57	0
32	0
2	0
21	0
0	0
2	0
2	0
1	0
0	0
0	0
0	0
1	0
0	0
0	0
0	0
37817	0
3093	0
2826	0
1697	0
299	0
372	0
78	0
66	0
74	0
16	0
17	0
18	0
17	0
1	0
2	0
0	0
2	0
2	0
0	0
0	0
0	0
0	0
0	0
