{
	"n_targets": 92,
	"n_bootstraps": 0,
	"n_processed": 137581,
	"n_pseudoaligned": 101829,
	"n_unique": 101829,
	"p_pseudoaligned": 74.0,
	"p_unique": 74.0,
	"kallisto_version": "0.45.1",
	"index_version": 10,
	"start_time": "Tue Jun 14 11:54:21 2022",
	"call": "kallisto quant -i refs/kallisto.idx -o out1/BORED_2 reads/BORED_2_R1.fq reads/BORED_2_R2.fq"
}
