{
    "read_files": "[ reads/BORED_2_R1.fq, reads/BORED_2_R2.fq]",
    "expected_format": "ISR",
    "compatible_fragment_ratio": 1.0,
    "num_compatible_fragments": 97526,
    "num_assigned_fragments": 97526,
    "num_frags_with_consistent_mappings": 97514,
    "num_frags_with_inconsistent_or_orphan_mappings": 12,
    "MSF": 0,
    "OSF": 0,
    "ISF": 12,
    "MSR": 0,
    "OSR": 0,
    "ISR": 97514,
    "SF": 0,
    "SR": 0,
    "MU": 0,
    "OU": 0,
    "IU": 0,
    "U": 0
}