UniqueCount	AmbigCount
7158	0
735	0
396	0
151	0
212	0
79	0
33	0
35	0
9	0
6	0
1	0
2	0
0	0
3	0
0	0
3	0
0	0
1	0
0	0
0	0
0	0
0	0
0	0
18224	0
1656	0
499	0
544	0
132	0
89	0
127	0
0	0
26	0
6	0
6	0
12	0
1	0
1	0
0	0
0	0
0	0
1	0
0	0
0	0
0	0
0	0
0	0
17539	0
5950	0
930	0
813	0
169	0
208	0
36	0
59	0
47	0
28	0
3	0
12	0
6	0
0	0
7	0
0	0
2	0
0	0
0	0
1	0
0	0
0	0
0	0
34991	0
2294	0
2127	0
1303	0
247	0
348	0
78	0
58	0
56	0
10	0
13	0
25	0
7	0
0	0
8	0
0	0
2	0
1	0
0	0
0	0
0	0
0	0
0	0
