UniqueCount	AmbigCount
8762	0
1008	0
502	0
237	0
280	0
97	0
36	0
32	0
13	0
3	0
6	0
7	0
2	0
2	0
2	0
0	0
1	0
0	0
0	0
0	0
0	0
0	0
0	0
22643	0
2105	0
669	0
687	0
210	0
114	0
130	0
4	0
35	0
7	0
7	0
23	0
2	0
2	0
5	0
0	0
0	0
2	0
1	0
1	0
0	0
0	0
0	0
22797	0
7755	0
1115	0
1042	0
229	0
263	0
52	0
74	0
67	0
24	0
7	0
22	0
2	0
6	0
9	0
0	0
1	0
1	0
0	0
0	0
0	0
0	0
0	0
41931	0
3164	0
3025	0
1875	0
333	0
439	0
81	0
98	0
99	0
23	0
32	0
27	0
12	0
0	0
6	0
0	0
0	0
1	0
2	0
0	0
0	0
0	0
0	0
