{
    "read_files": "[ reads/EXCITED_3_R1.fq, reads/EXCITED_3_R2.fq]",
    "expected_format": "ISR",
    "compatible_fragment_ratio": 1.0,
    "num_compatible_fragments": 195353,
    "num_assigned_fragments": 195353,
    "num_frags_with_consistent_mappings": 195338,
    "num_frags_with_inconsistent_or_orphan_mappings": 15,
    "MSF": 0,
    "OSF": 0,
    "ISF": 15,
    "MSR": 0,
    "OSR": 0,
    "ISR": 195338,
    "SF": 0,
    "SR": 0,
    "MU": 0,
    "OU": 0,
    "IU": 0,
    "U": 0
}