{
	"n_targets": 92,
	"n_bootstraps": 0,
	"n_processed": 112193,
	"n_pseudoaligned": 112193,
	"n_unique": 112193,
	"p_pseudoaligned": 100.0,
	"p_unique": 100.0,
	"kallisto_version": "0.45.1",
	"index_version": 10,
	"start_time": "Tue Jun 14 11:54:21 2022",
	"call": "kallisto quant -i refs/kallisto.idx -o out1/BORED_1 reads/BORED_1_R1.fq reads/BORED_1_R2.fq"
}
